[2026-08-10T23:06:59.429+0000] {processor.py:161} INFO - Started process (PID=164) to work on /opt/airflow/dags/daily_ingestion_dag.py
[2026-08-10T23:06:59.440+0000] {processor.py:830} INFO - Processing file /opt/airflow/dags/daily_ingestion_dag.py for tasks to queue
[2026-08-10T23:06:59.467+0000] {logging_mixin.py:188} INFO - [2026-08-10T23:06:59.466+0000] {dagbag.py:545} INFO - Filling up the DagBag from /opt/airflow/dags/daily_ingestion_dag.py
[2026-08-10T23:06:59.637+0000] {processor.py:840} INFO - DAG(s) 'daily_ingestion' retrieved from /opt/airflow/dags/daily_ingestion_dag.py
[2026-08-10T23:07:02.309+0000] {logging_mixin.py:188} INFO - [2026-08-10T23:07:02.309+0000] {dag.py:3089} INFO - Sync 1 DAGs
[2026-08-10T23:07:02.364+0000] {logging_mixin.py:188} INFO - [2026-08-10T23:07:02.364+0000] {dag.py:3947} INFO - Setting next_dagrun for daily_ingestion to 2026-08-10 06:00:00+00:00, run_after=2026-08-11 06:00:00+00:00
[2026-08-10T23:07:02.452+0000] {processor.py:183} INFO - Processing /opt/airflow/dags/daily_ingestion_dag.py took 3.078 seconds
[2026-08-10T23:07:33.162+0000] {processor.py:161} INFO - Started process (PID=169) to work on /opt/airflow/dags/daily_ingestion_dag.py
[2026-08-10T23:07:33.181+0000] {processor.py:830} INFO - Processing file /opt/airflow/dags/daily_ingestion_dag.py for tasks to queue
[2026-08-10T23:07:33.229+0000] {logging_mixin.py:188} INFO - [2026-08-10T23:07:33.223+0000] {dagbag.py:545} INFO - Filling up the DagBag from /opt/airflow/dags/daily_ingestion_dag.py
[2026-08-10T23:07:33.447+0000] {processor.py:840} INFO - DAG(s) 'daily_ingestion' retrieved from /opt/airflow/dags/daily_ingestion_dag.py
[2026-08-10T23:07:33.775+0000] {logging_mixin.py:188} INFO - [2026-08-10T23:07:33.774+0000] {dag.py:3089} INFO - Sync 1 DAGs
[2026-08-10T23:07:34.115+0000] {logging_mixin.py:188} INFO - [2026-08-10T23:07:34.114+0000] {dag.py:3947} INFO - Setting next_dagrun for daily_ingestion to 2026-08-10 06:00:00+00:00, run_after=2026-08-11 06:00:00+00:00
[2026-08-10T23:07:34.224+0000] {processor.py:183} INFO - Processing /opt/airflow/dags/daily_ingestion_dag.py took 1.236 seconds
[2026-08-10T23:08:06.691+0000] {processor.py:161} INFO - Started process (PID=187) to work on /opt/airflow/dags/daily_ingestion_dag.py
[2026-08-10T23:08:06.699+0000] {processor.py:830} INFO - Processing file /opt/airflow/dags/daily_ingestion_dag.py for tasks to queue
[2026-08-10T23:08:06.710+0000] {logging_mixin.py:188} INFO - [2026-08-10T23:08:06.710+0000] {dagbag.py:545} INFO - Filling up the DagBag from /opt/airflow/dags/daily_ingestion_dag.py
[2026-08-10T23:08:06.846+0000] {processor.py:840} INFO - DAG(s) 'daily_ingestion' retrieved from /opt/airflow/dags/daily_ingestion_dag.py
[2026-08-10T23:08:06.978+0000] {logging_mixin.py:188} INFO - [2026-08-10T23:08:06.978+0000] {dag.py:3089} INFO - Sync 1 DAGs
[2026-08-10T23:08:07.072+0000] {logging_mixin.py:188} INFO - [2026-08-10T23:08:07.071+0000] {dag.py:3947} INFO - Setting next_dagrun for daily_ingestion to 2026-08-10 06:00:00+00:00, run_after=2026-08-11 06:00:00+00:00
[2026-08-10T23:08:07.112+0000] {processor.py:183} INFO - Processing /opt/airflow/dags/daily_ingestion_dag.py took 0.475 seconds
[2026-08-10T23:08:37.357+0000] {processor.py:161} INFO - Started process (PID=194) to work on /opt/airflow/dags/daily_ingestion_dag.py
[2026-08-10T23:08:37.360+0000] {processor.py:830} INFO - Processing file /opt/airflow/dags/daily_ingestion_dag.py for tasks to queue
[2026-08-10T23:08:37.364+0000] {logging_mixin.py:188} INFO - [2026-08-10T23:08:37.364+0000] {dagbag.py:545} INFO - Filling up the DagBag from /opt/airflow/dags/daily_ingestion_dag.py
[2026-08-10T23:08:37.404+0000] {processor.py:840} INFO - DAG(s) 'daily_ingestion' retrieved from /opt/airflow/dags/daily_ingestion_dag.py
[2026-08-10T23:08:37.452+0000] {logging_mixin.py:188} INFO - [2026-08-10T23:08:37.452+0000] {dag.py:3089} INFO - Sync 1 DAGs
[2026-08-10T23:08:37.487+0000] {logging_mixin.py:188} INFO - [2026-08-10T23:08:37.486+0000] {dag.py:3947} INFO - Setting next_dagrun for daily_ingestion to 2026-08-10 06:00:00+00:00, run_after=2026-08-11 06:00:00+00:00
[2026-08-10T23:08:37.899+0000] {processor.py:183} INFO - Processing /opt/airflow/dags/daily_ingestion_dag.py took 0.554 seconds
[2026-08-10T23:09:08.291+0000] {processor.py:161} INFO - Started process (PID=199) to work on /opt/airflow/dags/daily_ingestion_dag.py
[2026-08-10T23:09:08.295+0000] {processor.py:830} INFO - Processing file /opt/airflow/dags/daily_ingestion_dag.py for tasks to queue
[2026-08-10T23:09:08.301+0000] {logging_mixin.py:188} INFO - [2026-08-10T23:09:08.299+0000] {dagbag.py:545} INFO - Filling up the DagBag from /opt/airflow/dags/daily_ingestion_dag.py
[2026-08-10T23:09:08.375+0000] {processor.py:840} INFO - DAG(s) 'daily_ingestion' retrieved from /opt/airflow/dags/daily_ingestion_dag.py
[2026-08-10T23:09:08.454+0000] {logging_mixin.py:188} INFO - [2026-08-10T23:09:08.454+0000] {dag.py:3089} INFO - Sync 1 DAGs
[2026-08-10T23:09:08.716+0000] {logging_mixin.py:188} INFO - [2026-08-10T23:09:08.715+0000] {dag.py:3947} INFO - Setting next_dagrun for daily_ingestion to 2026-08-10 06:00:00+00:00, run_after=2026-08-11 06:00:00+00:00
[2026-08-10T23:09:08.745+0000] {processor.py:183} INFO - Processing /opt/airflow/dags/daily_ingestion_dag.py took 0.477 seconds
[2026-08-10T23:09:38.961+0000] {processor.py:161} INFO - Started process (PID=204) to work on /opt/airflow/dags/daily_ingestion_dag.py
[2026-08-10T23:09:38.964+0000] {processor.py:830} INFO - Processing file /opt/airflow/dags/daily_ingestion_dag.py for tasks to queue
[2026-08-10T23:09:38.968+0000] {logging_mixin.py:188} INFO - [2026-08-10T23:09:38.968+0000] {dagbag.py:545} INFO - Filling up the DagBag from /opt/airflow/dags/daily_ingestion_dag.py
[2026-08-10T23:09:39.003+0000] {processor.py:840} INFO - DAG(s) 'daily_ingestion' retrieved from /opt/airflow/dags/daily_ingestion_dag.py
[2026-08-10T23:09:39.054+0000] {logging_mixin.py:188} INFO - [2026-08-10T23:09:39.054+0000] {dag.py:3089} INFO - Sync 1 DAGs
[2026-08-10T23:09:39.358+0000] {logging_mixin.py:188} INFO - [2026-08-10T23:09:39.358+0000] {dag.py:3947} INFO - Setting next_dagrun for daily_ingestion to 2026-08-10 06:00:00+00:00, run_after=2026-08-11 06:00:00+00:00
[2026-08-10T23:09:39.384+0000] {processor.py:183} INFO - Processing /opt/airflow/dags/daily_ingestion_dag.py took 0.435 seconds
[2026-08-10T23:10:10.101+0000] {processor.py:161} INFO - Started process (PID=209) to work on /opt/airflow/dags/daily_ingestion_dag.py
[2026-08-10T23:10:10.104+0000] {processor.py:830} INFO - Processing file /opt/airflow/dags/daily_ingestion_dag.py for tasks to queue
[2026-08-10T23:10:10.108+0000] {logging_mixin.py:188} INFO - [2026-08-10T23:10:10.108+0000] {dagbag.py:545} INFO - Filling up the DagBag from /opt/airflow/dags/daily_ingestion_dag.py
[2026-08-10T23:10:10.147+0000] {processor.py:840} INFO - DAG(s) 'daily_ingestion' retrieved from /opt/airflow/dags/daily_ingestion_dag.py
[2026-08-10T23:10:10.459+0000] {logging_mixin.py:188} INFO - [2026-08-10T23:10:10.459+0000] {dag.py:3089} INFO - Sync 1 DAGs
[2026-08-10T23:10:10.483+0000] {logging_mixin.py:188} INFO - [2026-08-10T23:10:10.483+0000] {dag.py:3947} INFO - Setting next_dagrun for daily_ingestion to 2026-08-10 06:00:00+00:00, run_after=2026-08-11 06:00:00+00:00
[2026-08-10T23:10:10.513+0000] {processor.py:183} INFO - Processing /opt/airflow/dags/daily_ingestion_dag.py took 0.425 seconds
[2026-08-10T23:10:41.123+0000] {processor.py:161} INFO - Started process (PID=214) to work on /opt/airflow/dags/daily_ingestion_dag.py
[2026-08-10T23:10:41.125+0000] {processor.py:830} INFO - Processing file /opt/airflow/dags/daily_ingestion_dag.py for tasks to queue
[2026-08-10T23:10:41.130+0000] {logging_mixin.py:188} INFO - [2026-08-10T23:10:41.129+0000] {dagbag.py:545} INFO - Filling up the DagBag from /opt/airflow/dags/daily_ingestion_dag.py
[2026-08-10T23:10:41.171+0000] {processor.py:840} INFO - DAG(s) 'daily_ingestion' retrieved from /opt/airflow/dags/daily_ingestion_dag.py
[2026-08-10T23:10:41.242+0000] {logging_mixin.py:188} INFO - [2026-08-10T23:10:41.241+0000] {dag.py:3089} INFO - Sync 1 DAGs
[2026-08-10T23:10:41.275+0000] {logging_mixin.py:188} INFO - [2026-08-10T23:10:41.275+0000] {dag.py:3947} INFO - Setting next_dagrun for daily_ingestion to 2026-08-10 06:00:00+00:00, run_after=2026-08-11 06:00:00+00:00
[2026-08-10T23:10:41.304+0000] {processor.py:183} INFO - Processing /opt/airflow/dags/daily_ingestion_dag.py took 0.194 seconds
[2026-08-10T23:11:11.406+0000] {processor.py:161} INFO - Started process (PID=219) to work on /opt/airflow/dags/daily_ingestion_dag.py
[2026-08-10T23:11:11.409+0000] {processor.py:830} INFO - Processing file /opt/airflow/dags/daily_ingestion_dag.py for tasks to queue
[2026-08-10T23:11:11.413+0000] {logging_mixin.py:188} INFO - [2026-08-10T23:11:11.412+0000] {dagbag.py:545} INFO - Filling up the DagBag from /opt/airflow/dags/daily_ingestion_dag.py
[2026-08-10T23:11:11.453+0000] {processor.py:840} INFO - DAG(s) 'daily_ingestion' retrieved from /opt/airflow/dags/daily_ingestion_dag.py
[2026-08-10T23:11:11.503+0000] {logging_mixin.py:188} INFO - [2026-08-10T23:11:11.502+0000] {dag.py:3089} INFO - Sync 1 DAGs
[2026-08-10T23:11:11.532+0000] {logging_mixin.py:188} INFO - [2026-08-10T23:11:11.532+0000] {dag.py:3947} INFO - Setting next_dagrun for daily_ingestion to 2026-08-10 06:00:00+00:00, run_after=2026-08-11 06:00:00+00:00
[2026-08-10T23:11:11.563+0000] {processor.py:183} INFO - Processing /opt/airflow/dags/daily_ingestion_dag.py took 0.168 seconds
