[2026-08-10T23:06:58.582+0000] {manager.py:470} INFO - Processing files using up to 2 processes at a time 
[2026-08-10T23:06:58.602+0000] {manager.py:471} INFO - Process each file at most once every 30 seconds
[2026-08-10T23:06:58.610+0000] {manager.py:472} INFO - Checking for new files in /opt/airflow/dags every 300 seconds
[2026-08-10T23:06:58.805+0000] {manager.py:737} INFO - Searching for files in /opt/airflow/dags
[2026-08-10T23:06:59.056+0000] {manager.py:740} INFO - There are 1 files in /opt/airflow/dags
[2026-08-10T23:06:59.560+0000] {manager.py:878} INFO - 
================================================================================
DAG File Processing Stats

File Path                                   PID  Runtime      # DAGs    # Errors  Last Runtime    Last Run
----------------------------------------  -----  ---------  --------  ----------  --------------  ----------
/opt/airflow/dags/daily_ingestion_dag.py    164  0.28s             0           0
================================================================================
[2026-08-10T23:07:29.783+0000] {manager.py:878} INFO - 
================================================================================
DAG File Processing Stats

File Path                                 PID    Runtime      # DAGs    # Errors  Last Runtime    Last Run
----------------------------------------  -----  ---------  --------  ----------  --------------  -------------------
/opt/airflow/dags/daily_ingestion_dag.py                           1           0  3.26s           2026-08-10T23:07:02
================================================================================
[2026-08-10T23:08:00.640+0000] {manager.py:878} INFO - 
================================================================================
DAG File Processing Stats

File Path                                 PID    Runtime      # DAGs    # Errors  Last Runtime    Last Run
----------------------------------------  -----  ---------  --------  ----------  --------------  -------------------
/opt/airflow/dags/daily_ingestion_dag.py                           1           0  1.42s           2026-08-10T23:07:34
================================================================================
[2026-08-10T23:08:31.115+0000] {manager.py:878} INFO - 
================================================================================
DAG File Processing Stats

File Path                                 PID    Runtime      # DAGs    # Errors  Last Runtime    Last Run
----------------------------------------  -----  ---------  --------  ----------  --------------  -------------------
/opt/airflow/dags/daily_ingestion_dag.py                           1           0  2.32s           2026-08-10T23:08:07
================================================================================
[2026-08-10T23:09:01.121+0000] {manager.py:878} INFO - 
================================================================================
DAG File Processing Stats

File Path                                 PID    Runtime      # DAGs    # Errors  Last Runtime    Last Run
----------------------------------------  -----  ---------  --------  ----------  --------------  -------------------
/opt/airflow/dags/daily_ingestion_dag.py                           1           0  0.60s           2026-08-10T23:08:37
================================================================================
[2026-08-10T23:09:31.845+0000] {manager.py:878} INFO - 
================================================================================
DAG File Processing Stats

File Path                                 PID    Runtime      # DAGs    # Errors  Last Runtime    Last Run
----------------------------------------  -----  ---------  --------  ----------  --------------  -------------------
/opt/airflow/dags/daily_ingestion_dag.py                           1           0  0.54s           2026-08-10T23:09:08
================================================================================
[2026-08-10T23:10:02.171+0000] {manager.py:878} INFO - 
================================================================================
DAG File Processing Stats

File Path                                 PID    Runtime      # DAGs    # Errors  Last Runtime    Last Run
----------------------------------------  -----  ---------  --------  ----------  --------------  -------------------
/opt/airflow/dags/daily_ingestion_dag.py                           1           0  0.49s           2026-08-10T23:09:39
================================================================================
[2026-08-10T23:10:32.470+0000] {manager.py:878} INFO - 
================================================================================
DAG File Processing Stats

File Path                                 PID    Runtime      # DAGs    # Errors  Last Runtime    Last Run
----------------------------------------  -----  ---------  --------  ----------  --------------  -------------------
/opt/airflow/dags/daily_ingestion_dag.py                           1           0  0.70s           2026-08-10T23:10:10
================================================================================
