[2026-08-10T23:07:41.371+0000] {local_task_job_runner.py:120} INFO - ::group::Pre task execution logs
[2026-08-10T23:07:41.530+0000] {taskinstance.py:2076} INFO - Dependencies all met for dep_context=non-requeueable deps ti=<TaskInstance: daily_ingestion.fetch_prices manual__2026-08-10T23:07:37.588754+00:00 [queued]>
[2026-08-10T23:07:41.549+0000] {taskinstance.py:2076} INFO - Dependencies all met for dep_context=requeueable deps ti=<TaskInstance: daily_ingestion.fetch_prices manual__2026-08-10T23:07:37.588754+00:00 [queued]>
[2026-08-10T23:07:41.551+0000] {taskinstance.py:2306} INFO - Starting attempt 1 of 3
[2026-08-10T23:07:41.590+0000] {taskinstance.py:2330} INFO - Executing <Task(PythonOperator): fetch_prices> on 2026-08-10 23:07:37.588754+00:00
[2026-08-10T23:07:41.625+0000] {standard_task_runner.py:64} INFO - Started process 176 to run task
[2026-08-10T23:07:41.656+0000] {standard_task_runner.py:90} INFO - Running: ['***', 'tasks', 'run', 'daily_ingestion', 'fetch_prices', 'manual__2026-08-10T23:07:37.588754+00:00', '--job-id', '72', '--raw', '--subdir', 'DAGS_FOLDER/daily_ingestion_dag.py', '--cfg-path', '/tmp/tmpo3mijmor']
[2026-08-10T23:07:41.664+0000] {standard_task_runner.py:91} INFO - Job 72: Subtask fetch_prices
[2026-08-10T23:07:41.964+0000] {task_command.py:426} INFO - Running <TaskInstance: daily_ingestion.fetch_prices manual__2026-08-10T23:07:37.588754+00:00 [running]> on host 0f3e540bf178
[2026-08-10T23:07:46.082+0000] {taskinstance.py:2648} INFO - Exporting env vars: AIRFLOW_CTX_DAG_OWNER='stocksense' AIRFLOW_CTX_DAG_ID='daily_ingestion' AIRFLOW_CTX_TASK_ID='fetch_prices' AIRFLOW_CTX_EXECUTION_DATE='2026-08-10T23:07:37.588754+00:00' AIRFLOW_CTX_TRY_NUMBER='1' AIRFLOW_CTX_DAG_RUN_ID='manual__2026-08-10T23:07:37.588754+00:00'
[2026-08-10T23:07:46.085+0000] {taskinstance.py:430} INFO - ::endgroup::
[2026-08-10T23:07:51.915+0000] {fetch_prices.py:42} INFO - Fetching ^GSPC...
[2026-08-10T23:07:52.476+0000] {fetch_prices.py:42} INFO - Fetching AAPL...
[2026-08-10T23:07:52.687+0000] {fetch_prices.py:42} INFO - Fetching MSFT...
[2026-08-10T23:07:52.842+0000] {fetch_prices.py:42} INFO - Fetching GOOGL...
[2026-08-10T23:07:52.970+0000] {fetch_prices.py:42} INFO - Fetching AMZN...
[2026-08-10T23:07:53.071+0000] {fetch_prices.py:42} INFO - Fetching NVDA...
[2026-08-10T23:07:53.194+0000] {fetch_prices.py:42} INFO - Fetching META...
[2026-08-10T23:07:53.459+0000] {fetch_prices.py:42} INFO - Fetching TSLA...
[2026-08-10T23:07:53.584+0000] {fetch_prices.py:42} INFO - Fetching JPM...
[2026-08-10T23:07:53.790+0000] {fetch_prices.py:42} INFO - Fetching V...
[2026-08-10T23:07:53.966+0000] {fetch_prices.py:42} INFO - Fetching UNH...
[2026-08-10T23:07:54.532+0000] {repository.py:33} INFO - Upserted 55 price rows.
[2026-08-10T23:07:54.533+0000] {python.py:237} INFO - Done. Returned value was: None
[2026-08-10T23:07:54.535+0000] {taskinstance.py:441} INFO - ::group::Post task execution logs
[2026-08-10T23:07:54.578+0000] {taskinstance.py:1206} INFO - Marking task as SUCCESS. dag_id=daily_ingestion, task_id=fetch_prices, run_id=manual__2026-08-10T23:07:37.588754+00:00, execution_date=20260810T230737, start_date=20260810T230741, end_date=20260810T230754
[2026-08-10T23:07:54.646+0000] {local_task_job_runner.py:243} INFO - Task exited with return code 0
[2026-08-10T23:07:54.684+0000] {taskinstance.py:3503} INFO - 0 downstream tasks scheduled from follow-on schedule check
[2026-08-10T23:07:54.688+0000] {local_task_job_runner.py:222} INFO - ::endgroup::
